
> lutteros@0.1.0 build
> next build --turbopack

▲ Next.js 16.1.1 (Turbopack, Cache Components)
- Environments: .env
- Experiments (use with caution):
  · staleTimes

  Creating an optimized production build ...
✓ Compiled successfully in 20.2s
  Running TypeScript ...
  Collecting page data using 11 workers ...
  Generating static pages using 11 workers (0/115) ...
  Generating static pages using 11 workers (28/115) 
  Generating static pages using 11 workers (57/115) 
  Generating static pages using 11 workers (86/115) 
✓ Generating static pages using 11 workers (115/115) in 6.8s
  Finalizing page optimization ...

Route (app)                                              Revalidate  Expire
┌ ○ /                                                            1h      1d
├ ○ /_not-found
├ ○ /about
├ ◐ /admin
├ ◐ /admin/agents
├ ◐ /admin/analytics
├ ◐ /admin/articles
├ ◐ /admin/articles/[slug]
│ └ /admin/articles/[slug]
├ ◐ /admin/articles/[slug]/edit
│ └ /admin/articles/[slug]/edit
├ ◐ /admin/articles/new
├ ◐ /admin/community
├ ◐ /admin/courses
├ ◐ /admin/courses/[courseId]/edit
│ └ /admin/courses/[courseId]/edit
├ ◐ /admin/courses/new
├ ◐ /admin/data-library
├ ◐ /admin/events
├ ◐ /admin/help
├ ◐ /admin/lifecycle
├ ◐ /admin/newsletter
├ ◐ /admin/newsletter/campaigns
├ ◐ /admin/partners
├ ◐ /admin/partners/[id]/edit
│ └ /admin/partners/[id]/edit
├ ◐ /admin/partners/new
├ ◐ /admin/products
├ ◐ /admin/products/[id]/edit
│ └ /admin/products/[id]/edit
├ ◐ /admin/products/new
├ ◐ /admin/reports
├ ◐ /admin/search
├ ◐ /admin/settings
├ ◐ /admin/system-emails
├ ◐ /admin/team
├ ◐ /admin/users
├ ◐ /admin/users-server
├ ƒ /api/articles
├ ƒ /api/articles-public
├ ƒ /api/articles-public/[slug]
├ ƒ /api/articles/[articleId]
├ ƒ /api/articles/[articleId]/bookmark
├ ƒ /api/articles/[articleId]/raw
├ ƒ /api/articles/stats
├ ƒ /api/auth/[...nextauth]
├ ƒ /api/auth/forgot-password
├ ƒ /api/auth/register
├ ƒ /api/auth/reset-password
├ ƒ /api/community
├ ƒ /api/community/[postId]
├ ƒ /api/community/[postId]/like
├ ƒ /api/community/[postId]/replies
├ ƒ /api/community/[postId]/replies/[replyId]
├ ƒ /api/community/favorites
├ ƒ /api/community/liked
├ ƒ /api/community/posts
├ ƒ /api/community/replies
├ ƒ /api/community/reports
├ ƒ /api/community/reports/dismiss
├ ƒ /api/community/stats
├ ƒ /api/courses
├ ƒ /api/courses-public
├ ƒ /api/courses-public/[slug]
├ ƒ /api/courses/[courseId]
├ ƒ /api/courses/[courseId]/enroll
├ ƒ /api/courses/[courseId]/lessons
├ ƒ /api/courses/[courseId]/lessons/[lessonId]
├ ƒ /api/courses/[courseId]/lessons/[lessonId]/progress
├ ƒ /api/courses/[courseId]/lessons/reorder
├ ƒ /api/courses/[courseId]/progress
├ ƒ /api/courses/[courseId]/raw
├ ƒ /api/courses/stats
├ ƒ /api/events
├ ƒ /api/events-public
├ ƒ /api/events-public/[slug]
├ ƒ /api/events/[id]
├ ƒ /api/events/[id]/register
├ ƒ /api/events/[id]/registrations
├ ƒ /api/events/create
├ ƒ /api/events/seed
├ ƒ /api/events/stats
├ ƒ /api/help
├ ƒ /api/help/[slug]
├ ƒ /api/newsletter
├ ƒ /api/newsletter/campaigns
├ ƒ /api/newsletter/campaigns/[id]
├ ƒ /api/newsletter/campaigns/[id]/send
├ ƒ /api/newsletter/campaigns/[id]/test
├ ƒ /api/newsletter/campaigns/stats
├ ƒ /api/newsletter/subscribe
├ ƒ /api/newsletter/subscribers
├ ƒ /api/newsletter/subscribers/[id]
├ ƒ /api/newsletter/subscribers/stats
├ ƒ /api/newsletter/unsubscribe
├ ƒ /api/partners
├ ƒ /api/partners/[id]
├ ƒ /api/partners/stats
├ ƒ /api/products
├ ƒ /api/products-public
├ ƒ /api/products-public/[slug]
├ ƒ /api/products/[slug]
├ ƒ /api/products/partners
├ ƒ /api/products/stats
├ ƒ /api/revalidate
├ ƒ /api/specialists
├ ƒ /api/specialists/[slug]
├ ƒ /api/system-emails
├ ƒ /api/system-emails/[id]
├ ƒ /api/system-emails/[id]/reset
├ ƒ /api/system-emails/[id]/test
├ ƒ /api/users
├ ƒ /api/users/[userId]
├ ƒ /api/users/[userId]/profile
├ ƒ /api/users/enrolled-courses
├ ƒ /api/users/profile
├ ƒ /api/users/profile/update
├ ƒ /api/users/registered-events
├ ƒ /api/users/saved-articles
├ ƒ /api/users/stats
├ ƒ /api/v1/articles
├ ◐ /articles
├ ◐ /articles/[slug]
│ └ /articles/[slug]
├ ○ /articles/saved
├ ○ /auth/error
├ ○ /community                                                   1m      1h
├ ○ /contact
├ ◐ /courses
├ ◐ /courses/[slug]
│ └ /courses/[slug]
├ ◐ /courses/[slug]/lessons
│ └ /courses/[slug]/lessons
├ ○ /courses/my-courses
├ ○ /editor-test
├ ◐ /events
├ ◐ /events/[slug]
│ └ /events/[slug]
├ ○ /events/my-events
├ ○ /faq
├ ○ /forgot-password
├ ○ /help
├ ◐ /help/[slug]
│ └ /help/[slug]
├ ○ /login
├ ○ /pricing
├ ○ /privacy
├ ◐ /products
├ ◐ /products/[slug]
│ └ /products/[slug]
├ ◐ /profile
├ ◐ /profile/edit
├ ○ /register
├ ○ /reset-password
├ ○ /robots.txt
├ ƒ /sitemap.xml
├ ○ /specialists
├ ◐ /specialists/[slug]
│ └ /specialists/[slug]
├ ○ /terms
└ ○ /unsubscribe


ƒ Proxy (Middleware)

○  (Static)             prerendered as static content
◐  (Partial Prerender)  prerendered as static HTML with dynamic server-streamed content
ƒ  (Dynamic)            server-rendered on demand

